[
    {
        "name": "block",
        "x": -1920,
        "y": 960
    },
    {
        "name": "block",
        "x": -1824,
        "y": 960
    },
    {
        "name": "block",
        "x": -1728,
        "y": 960
    },
    {
        "name": "block",
        "x": -1632,
        "y": 960
    },
    {
        "name": "block",
        "x": -1536,
        "y": 960
    },
    {
        "name": "block",
        "x": -1440,
        "y": 960
    },
    {
        "name": "block",
        "x": -1344,
        "y": 960
    },
    {
        "name": "block",
        "x": -1248,
        "y": 960
    },
    {
        "name": "block",
        "x": -1152,
        "y": 960
    },
    {
        "name": "block",
        "x": -1056,
        "y": 960
    },
    {
        "name": "block",
        "x": -960,
        "y": 960
    },
    {
        "name": "block",
        "x": -864,
        "y": 960
    },
    {
        "name": "block",
        "x": -768,
        "y": 960
    },
    {
        "name": "block",
        "x": -672,
        "y": 960
    },
    {
        "name": "block",
        "x": -576,
        "y": 960
    },
    {
        "name": "block",
        "x": -480,
        "y": 960
    },
    {
        "name": "block",
        "x": -384,
        "y": 960
    },
    {
        "name": "block",
        "x": -288,
        "y": 960
    },
    {
        "name": "block",
        "x": -192,
        "y": 960
    },
    {
        "name": "block",
        "x": -96,
        "y": 960
    },
    {
        "name": "block",
        "x": 0,
        "y": 960
    },
    {
        "name": "block",
        "x": 96,
        "y": 960
    },
    {
        "name": "block",
        "x": 192,
        "y": 960
    },
    {
        "name": "block",
        "x": 288,
        "y": 960
    },
    {
        "name": "block",
        "x": 384,
        "y": 960
    },
    {
        "name": "block",
        "x": 576,
        "y": 960
    },
    {
        "name": "block",
        "x": 672,
        "y": 960
    },
    {
        "name": "block",
        "x": 768,
        "y": 960
    },
    {
        "name": "block",
        "x": 864,
        "y": 960
    },
    {
        "name": "block",
        "x": 960,
        "y": 960
    },
    {
        "name": "block",
        "x": 1056,
        "y": 960
    },
    {
        "name": "block",
        "x": 1152,
        "y": 960
    },
    {
        "name": "block",
        "x": 1248,
        "y": 960
    },
    {
        "name": "block",
        "x": 1440,
        "y": 960
    },
    {
        "name": "block",
        "x": 1536,
        "y": 960
    },
    {
        "name": "block",
        "x": 1632,
        "y": 960
    },
    {
        "name": "block",
        "x": 1728,
        "y": 960
    },
    {
        "name": "block",
        "x": 1824,
        "y": 960
    },
    {
        "name": "block",
        "x": 480,
        "y": 960
    },
    {
        "name": "block",
        "x": -1920,
        "y": 960
    },
    {
        "name": "block",
        "x": -1824,
        "y": 960
    },
    {
        "name": "block",
        "x": -1728,
        "y": 960
    },
    {
        "name": "block",
        "x": -1632,
        "y": 960
    },
    {
        "name": "block",
        "x": -1536,
        "y": 960
    },
    {
        "name": "block",
        "x": -1440,
        "y": 960
    },
    {
        "name": "block",
        "x": -1344,
        "y": 960
    },
    {
        "name": "block",
        "x": -1248,
        "y": 960
    },
    {
        "name": "block",
        "x": -1152,
        "y": 960
    },
    {
        "name": "block",
        "x": -1056,
        "y": 960
    },
    {
        "name": "block",
        "x": -960,
        "y": 960
    },
    {
        "name": "block",
        "x": -864,
        "y": 960
    },
    {
        "name": "block",
        "x": -768,
        "y": 960
    },
    {
        "name": "block",
        "x": -672,
        "y": 960
    },
    {
        "name": "block",
        "x": -576,
        "y": 960
    },
    {
        "name": "block",
        "x": -480,
        "y": 960
    },
    {
        "name": "block",
        "x": -384,
        "y": 960
    },
    {
        "name": "block",
        "x": -288,
        "y": 960
    },
    {
        "name": "block",
        "x": -192,
        "y": 960
    },
    {
        "name": "block",
        "x": -96,
        "y": 960
    },
    {
        "name": "block",
        "x": 0,
        "y": 960
    },
    {
        "name": "block",
        "x": 96,
        "y": 960
    },
    {
        "name": "block",
        "x": 192,
        "y": 960
    },
    {
        "name": "block",
        "x": 288,
        "y": 960
    },
    {
        "name": "block",
        "x": 384,
        "y": 960
    },
    {
        "name": "block",
        "x": 576,
        "y": 960
    },
    {
        "name": "block",
        "x": 672,
        "y": 960
    },
    {
        "name": "block",
        "x": 768,
        "y": 960
    },
    {
        "name": "block",
        "x": 864,
        "y": 960
    },
    {
        "name": "block",
        "x": 960,
        "y": 960
    },
    {
        "name": "block",
        "x": 1056,
        "y": 960
    },
    {
        "name": "block",
        "x": 1152,
        "y": 960
    },
    {
        "name": "block",
        "x": 1248,
        "y": 960
    },
    {
        "name": "block",
        "x": 1440,
        "y": 960
    },
    {
        "name": "block",
        "x": 1536,
        "y": 960
    },
    {
        "name": "block",
        "x": 1632,
        "y": 960
    },
    {
        "name": "block",
        "x": 1728,
        "y": 960
    },
    {
        "name": "block",
        "x": 1824,
        "y": 960
    },
    {
        "name": "block",
        "x": 480,
        "y": 960
    },
    {
        "name": "block",
        "x": -1920,
        "y": 960
    },
    {
        "name": "block",
        "x": -1824,
        "y": 960
    },
    {
        "name": "block",
        "x": -1728,
        "y": 960
    },
    {
        "name": "block",
        "x": -1632,
        "y": 960
    },
    {
        "name": "block",
        "x": -1536,
        "y": 960
    },
    {
        "name": "block",
        "x": -1440,
        "y": 960
    },
    {
        "name": "block",
        "x": -1344,
        "y": 960
    },
    {
        "name": "block",
        "x": -1248,
        "y": 960
    },
    {
        "name": "block",
        "x": -1152,
        "y": 960
    },
    {
        "name": "block",
        "x": -1056,
        "y": 960
    },
    {
        "name": "block",
        "x": -960,
        "y": 960
    },
    {
        "name": "block",
        "x": -864,
        "y": 960
    },
    {
        "name": "block",
        "x": -768,
        "y": 960
    },
    {
        "name": "block",
        "x": -672,
        "y": 960
    },
    {
        "name": "block",
        "x": -576,
        "y": 960
    },
    {
        "name": "block",
        "x": -480,
        "y": 960
    },
    {
        "name": "block",
        "x": -384,
        "y": 960
    },
    {
        "name": "block",
        "x": -288,
        "y": 960
    },
    {
        "name": "block",
        "x": -192,
        "y": 960
    },
    {
        "name": "block",
        "x": -96,
        "y": 960
    },
    {
        "name": "block",
        "x": 0,
        "y": 960
    },
    {
        "name": "block",
        "x": 96,
        "y": 960
    },
    {
        "name": "block",
        "x": 192,
        "y": 960
    },
    {
        "name": "block",
        "x": 288,
        "y": 960
    },
    {
        "name": "block",
        "x": 384,
        "y": 960
    },
    {
        "name": "block",
        "x": 576,
        "y": 960
    },
    {
        "name": "block",
        "x": 672,
        "y": 960
    },
    {
        "name": "block",
        "x": 768,
        "y": 960
    },
    {
        "name": "block",
        "x": 864,
        "y": 960
    },
    {
        "name": "block",
        "x": 960,
        "y": 960
    },
    {
        "name": "block",
        "x": 1056,
        "y": 960
    },
    {
        "name": "block",
        "x": 1152,
        "y": 960
    },
    {
        "name": "block",
        "x": 1248,
        "y": 960
    },
    {
        "name": "block",
        "x": 1440,
        "y": 960
    },
    {
        "name": "block",
        "x": 1536,
        "y": 960
    },
    {
        "name": "block",
        "x": 1632,
        "y": 960
    },
    {
        "name": "block",
        "x": 1728,
        "y": 960
    },
    {
        "name": "block",
        "x": 1824,
        "y": 960
    },
    {
        "name": "block",
        "x": 480,
        "y": 960
    },
    {
        "name": "block",
        "x": -1920,
        "y": 960
    },
    {
        "name": "block",
        "x": -1824,
        "y": 960
    },
    {
        "name": "block",
        "x": -1728,
        "y": 960
    },
    {
        "name": "block",
        "x": -1632,
        "y": 960
    },
    {
        "name": "block",
        "x": -1536,
        "y": 960
    },
    {
        "name": "block",
        "x": -1440,
        "y": 960
    },
    {
        "name": "block",
        "x": -1344,
        "y": 960
    },
    {
        "name": "block",
        "x": -1248,
        "y": 960
    },
    {
        "name": "block",
        "x": -1152,
        "y": 960
    },
    {
        "name": "block",
        "x": -1056,
        "y": 960
    },
    {
        "name": "block",
        "x": -960,
        "y": 960
    },
    {
        "name": "block",
        "x": -864,
        "y": 960
    },
    {
        "name": "block",
        "x": -768,
        "y": 960
    },
    {
        "name": "block",
        "x": -672,
        "y": 960
    },
    {
        "name": "block",
        "x": -576,
        "y": 960
    },
    {
        "name": "block",
        "x": -480,
        "y": 960
    },
    {
        "name": "block",
        "x": -384,
        "y": 960
    },
    {
        "name": "block",
        "x": -288,
        "y": 960
    },
    {
        "name": "block",
        "x": -192,
        "y": 960
    },
    {
        "name": "block",
        "x": -96,
        "y": 960
    },
    {
        "name": "block",
        "x": 0,
        "y": 960
    },
    {
        "name": "block",
        "x": 96,
        "y": 960
    },
    {
        "name": "block",
        "x": 192,
        "y": 960
    },
    {
        "name": "block",
        "x": 288,
        "y": 960
    },
    {
        "name": "block",
        "x": 384,
        "y": 960
    },
    {
        "name": "block",
        "x": 576,
        "y": 960
    },
    {
        "name": "block",
        "x": 672,
        "y": 960
    },
    {
        "name": "block",
        "x": 768,
        "y": 960
    },
    {
        "name": "block",
        "x": 864,
        "y": 960
    },
    {
        "name": "block",
        "x": 960,
        "y": 960
    },
    {
        "name": "block",
        "x": 1056,
        "y": 960
    },
    {
        "name": "block",
        "x": 1152,
        "y": 960
    },
    {
        "name": "block",
        "x": 1248,
        "y": 960
    },
    {
        "name": "block",
        "x": 1440,
        "y": 960
    },
    {
        "name": "block",
        "x": 1536,
        "y": 960
    },
    {
        "name": "block",
        "x": 1632,
        "y": 960
    },
    {
        "name": "block",
        "x": 1728,
        "y": 960
    },
    {
        "name": "block",
        "x": 1824,
        "y": 960
    },
    {
        "name": "block",
        "x": 480,
        "y": 960
    },
    {
        "name": "block",
        "x": 1920,
        "y": 960
    },
    {
        "name": "block",
        "x": 480,
        "y": 864
    },
    {
        "name": "saw",
        "x": 490,
        "y": 490,
        "path": [
            [
                0,
                288
            ],
            [
                0,
                0
            ]
        ]
    },
    {
        "name": "block",
        "x": 480,
        "y": 384
    },
    {
        "name": "block",
        "x": 576,
        "y": 384
    },
    {
        "name": "block",
        "x": 672,
        "y": 384
    },
    {
        "name": "block",
        "x": 672,
        "y": 480
    },
    {
        "name": "block",
        "x": 672,
        "y": 576
    },
    {
        "name": "block",
        "x": 672,
        "y": 672
    },
    {
        "name": "block",
        "x": 672,
        "y": 768
    },
    {
        "name": "block",
        "x": 864,
        "y": 768
    },
    {
        "name": "block",
        "x": 384,
        "y": 384
    },
    {
        "name": "block",
        "x": 768,
        "y": 768
    },
    {
        "name": "block",
        "x": 1056,
        "y": 768
    },
    {
        "name": "block",
        "x": 1056,
        "y": 864
    },
    {
        "name": "block",
        "x": 1056,
        "y": 672
    },
    {
        "name": "saw",
        "x": 778,
        "y": 394,
        "path": [
            [
                0,
                288
            ],
            [
                0,
                0
            ]
        ]
    },
    {
        "name": "block",
        "x": 672,
        "y": 288
    },
    {
        "name": "block",
        "x": 768,
        "y": 288
    },
    {
        "name": "block",
        "x": 864,
        "y": 288
    },
    {
        "name": "block",
        "x": 960,
        "y": 288
    },
    {
        "name": "block",
        "x": 1056,
        "y": 288
    },
    {
        "name": "block",
        "x": 1056,
        "y": 384
    },
    {
        "name": "fruit",
        "x": 880,
        "y": 416,
        "state": "Bananas"
    },
    {
        "name": "fire",
        "x": 1088,
        "y": 608
    },
    {
        "name": "fruit",
        "x": 592,
        "y": 512,
        "state": "Apple"
    },
    {
        "name": "block",
        "x": 1152,
        "y": 384
    },
    {
        "name": "block",
        "x": 1248,
        "y": 384
    },
    {
        "name": "block",
        "x": 1248,
        "y": 480
    },
    {
        "name": "block",
        "x": 1248,
        "y": 576
    },
    {
        "name": "block",
        "x": 1248,
        "y": 672
    },
    {
        "name": "block",
        "x": 1248,
        "y": 768
    },
    {
        "name": "saw",
        "x": 1354,
        "y": 682,
        "path": [
            [
                0,
                288
            ],
            [
                0,
                0
            ]
        ]
    },
    {
        "name": "block",
        "x": 2016,
        "y": 960
    },
    {
        "name": "block",
        "x": 2112,
        "y": 960
    },
    {
        "name": "block",
        "x": 2208,
        "y": 960
    },
    {
        "name": "block",
        "x": 2400,
        "y": 960
    },
    {
        "name": "block",
        "x": 2304,
        "y": 960
    },
    {
        "name": "block",
        "x": 2496,
        "y": 960
    },
    {
        "name": "block",
        "x": 2688,
        "y": 960
    },
    {
        "name": "block",
        "x": 2784,
        "y": 960
    },
    {
        "name": "block",
        "x": 1440,
        "y": 864
    },
    {
        "name": "block",
        "x": 1440,
        "y": 672
    },
    {
        "name": "block",
        "x": 1344,
        "y": 672
    },
    {
        "name": "block",
        "x": 1632,
        "y": 864
    },
    {
        "name": "block",
        "x": 1632,
        "y": 768
    },
    {
        "name": "block",
        "x": 1632,
        "y": 672
    },
    {
        "name": "block",
        "x": 1632,
        "y": 576
    },
    {
        "name": "block",
        "x": 1632,
        "y": 480
    },
    {
        "name": "block",
        "x": 1632,
        "y": 384
    },
    {
        "name": "saw",
        "x": 1546,
        "y": 394,
        "path": [
            [
                0,
                288
            ],
            [
                0,
                0
            ]
        ]
    },
    {
        "name": "block",
        "x": 1632,
        "y": 288
    },
    {
        "name": "block",
        "x": 1536,
        "y": 288
    },
    {
        "name": "block",
        "x": 1440,
        "y": 288
    },
    {
        "name": "fire",
        "x": 1376,
        "y": 608
    },
    {
        "name": "fruit",
        "x": 1264,
        "y": 320,
        "state": "Cherries"
    },
    {
        "name": "block",
        "x": 1248,
        "y": 192
    },
    {
        "name": "block",
        "x": 1344,
        "y": 192
    },
    {
        "name": "block",
        "x": 1440,
        "y": 192
    },
    {
        "name": "block",
        "x": 1056,
        "y": 192
    },
    {
        "name": "block",
        "x": 1056,
        "y": 96
    },
    {
        "name": "block",
        "x": 1056,
        "y": 0
    },
    {
        "name": "block",
        "x": 1152,
        "y": 0
    },
    {
        "name": "block",
        "x": 1248,
        "y": 0
    },
    {
        "name": "block",
        "x": 1344,
        "y": 0
    },
    {
        "name": "block",
        "x": 1440,
        "y": 0
    },
    {
        "name": "block",
        "x": 1536,
        "y": 0
    },
    {
        "name": "block",
        "x": 1632,
        "y": 0
    },
    {
        "name": "block",
        "x": 1728,
        "y": 0
    },
    {
        "name": "block",
        "x": 1824,
        "y": 0
    },
    {
        "name": "fire",
        "x": 1664,
        "y": 224
    },
    {
        "name": "block",
        "x": 1920,
        "y": 96
    },
    {
        "name": "block",
        "x": 1920,
        "y": 0
    },
    {
        "name": "block",
        "x": 2016,
        "y": 672
    },
    {
        "name": "block",
        "x": 2016,
        "y": 480
    },
    {
        "name": "block",
        "x": 1920,
        "y": 192
    },
    {
        "name": "block",
        "x": 2112,
        "y": 480
    },
    {
        "name": "fire",
        "x": 2144,
        "y": 416
    },
    {
        "name": "block",
        "x": 2304,
        "y": 480
    },
    {
        "name": "block",
        "x": 2400,
        "y": 480
    },
    {
        "name": "block",
        "x": 2112,
        "y": 576
    },
    {
        "name": "block",
        "x": 2016,
        "y": 384
    },
    {
        "name": "block",
        "x": 2016,
        "y": 192
    },
    {
        "name": "block",
        "x": 2016,
        "y": 768
    },
    {
        "name": "block",
        "x": 2016,
        "y": 864
    },
    {
        "name": "block",
        "x": 2112,
        "y": 672
    },
    {
        "name": "saw",
        "x": 2218,
        "y": 202,
        "path": [
            [
                0,
                288
            ],
            [
                0,
                0
            ]
        ]
    },
    {
        "name": "block",
        "x": 2112,
        "y": 192
    },
    {
        "name": "block",
        "x": 2304,
        "y": 192
    },
    {
        "name": "block",
        "x": 2400,
        "y": 192
    },
    {
        "name": "fruit",
        "x": 2416,
        "y": 128,
        "state": "Apple"
    },
    {
        "name": "block",
        "x": 2496,
        "y": 576
    },
    {
        "name": "block",
        "x": 2592,
        "y": 672
    },
    {
        "name": "block",
        "x": 2688,
        "y": 768
    },
    {
        "name": "saw",
        "x": 2602,
        "y": 778,
        "path": [
            [
                0,
                288
            ],
            [
                0,
                0
            ]
        ]
    },
    {
        "name": "block",
        "x": 2592,
        "y": 960
    },
    {
        "name": "block",
        "x": 2208,
        "y": 480
    },
    {
        "name": "block",
        "x": 1344,
        "y": 960
    },
    {
        "name": "fruit",
        "x": 2128,
        "y": 800,
        "state": "Bananas"
    },
    {
        "name": "fruit",
        "x": 2224,
        "y": 704,
        "state": "Cherries"
    },
    {
        "name": "fruit",
        "x": 2224,
        "y": 800,
        "state": "Kiwi"
    },
    {
        "name": "fruit",
        "x": 2224,
        "y": 896,
        "state": "Melon"
    },
    {
        "name": "fruit",
        "x": 2128,
        "y": 896,
        "state": "Melon"
    },
    {
        "name": "fruit",
        "x": 2320,
        "y": 800,
        "state": "Orange"
    },
    {
        "name": "fruit",
        "x": 2320,
        "y": 704,
        "state": "Pineapple"
    },
    {
        "name": "fruit",
        "x": 2416,
        "y": 704,
        "state": "Strawberry"
    },
    {
        "name": "fruit",
        "x": 2416,
        "y": 800,
        "state": "Strawberry"
    },
    {
        "name": "block",
        "x": 2304,
        "y": 864
    },
    {
        "name": "block",
        "x": 2496,
        "y": 864
    },
    {
        "name": "block",
        "x": 2400,
        "y": 0
    },
    {
        "name": "block",
        "x": 2304,
        "y": 0
    },
    {
        "name": "block",
        "x": 2304,
        "y": 96
    },
    {
        "name": "block",
        "x": 2496,
        "y": 0
    },
    {
        "name": "block",
        "x": 2592,
        "y": 0
    },
    {
        "name": "block",
        "x": 2688,
        "y": 0
    },
    {
        "name": "block",
        "x": 2784,
        "y": 0
    },
    {
        "name": "fire",
        "x": 320,
        "y": 896
    }
]